/opt/conda/envs/SyncHuman/lib/python3.10/site-packages/transformers/utils/generic.py:441: FutureWarning: `torch.utils._pytree._register_pytree_node` is deprecated. Please use `torch.utils._pytree.register_pytree_node` instead.
  _torch_pytree._register_pytree_node(
/opt/conda/envs/SyncHuman/lib/python3.10/site-packages/transformers/utils/generic.py:309: FutureWarning: `torch.utils._pytree._register_pytree_node` is deprecated. Please use `torch.utils._pytree.register_pytree_node` instead.
  _torch_pytree._register_pytree_node(
/opt/conda/envs/SyncHuman/lib/python3.10/site-packages/diffusers/models/transformers/transformer_2d.py:34: FutureWarning: `Transformer2DModelOutput` is deprecated and will be removed in version 1.0.0. Importing `Transformer2DModelOutput` from `diffusers.models.transformer_2d` is deprecated and this will be removed in a future version. Please use `from diffusers.models.modeling_outputs import Transformer2DModelOutput`, instead.
  deprecate("Transformer2DModelOutput", "1.0.0", deprecation_message)
[SPARSE] Backend: spconv, Attention: xformers
ERROR: Stage 2 not available: This is the kaolin placeholder wheel from https://pypi.org/project/kaolin/. Please follow https://kaolin.readthedocs.io/en/latest/notes/installation.html for installation.
Traceback (most recent call last):
  File "/workspace/SyncHuman/api_server_official.py", line 88, in <module>
    from SyncHuman.pipelines.SyncHumanTwoStage import SyncHumanTwoStagePipeline
  File "/workspace/SyncHuman/SyncHuman/pipelines/SyncHumanTwoStage.py", line 5, in <module>
    from ..utils import  postprocessing_utils
  File "/workspace/SyncHuman/SyncHuman/utils/postprocessing_utils.py", line 17, in <module>
    from .render_utils import render_multiview
  File "/workspace/SyncHuman/SyncHuman/utils/render_utils.py", line 7, in <module>
    from ..renderers import GaussianRenderer
  File "/workspace/SyncHuman/SyncHuman/renderers/__init__.py", line 15, in __getattr__
    module = importlib.import_module(f".{module_name}", __name__)
  File "/opt/conda/envs/SyncHuman/lib/python3.10/importlib/__init__.py", line 126, in import_module
    return _bootstrap._gcd_import(name[level:], package, level)
  File "/workspace/SyncHuman/SyncHuman/renderers/gaussian_render.py", line 16, in <module>
    from ..representations.gaussian import Gaussian
  File "/workspace/SyncHuman/SyncHuman/representations/__init__.py", line 4, in <module>
    from .mesh import MeshExtractResult
  File "/workspace/SyncHuman/SyncHuman/representations/mesh/__init__.py", line 1, in <module>
    from .cube2mesh import SparseFeatures2Mesh, MeshExtractResult
  File "/workspace/SyncHuman/SyncHuman/representations/mesh/cube2mesh.py", line 5, in <module>
    from .flexicubes.flexicubes import FlexiCubes
  File "/workspace/SyncHuman/SyncHuman/representations/mesh/flexicubes/flexicubes.py", line 11, in <module>
    from kaolin.utils.testing import check_tensor
  File "/opt/conda/envs/SyncHuman/lib/python3.10/site-packages/kaolin/__init__.py", line 1, in <module>
    raise ImportError("This is the kaolin placeholder wheel from https://pypi.org/project/kaolin/. Please follow https://kaolin.readthedocs.io/en/latest/notes/installation.html for installation.")
ImportError: This is the kaolin placeholder wheel from https://pypi.org/project/kaolin/. Please follow https://kaolin.readthedocs.io/en/latest/notes/installation.html for installation.

During handling of the above exception, another exception occurred:

Traceback (most recent call last):
  File "/workspace/SyncHuman/api_server_official.py", line 93, in <module>
    raise RuntimeError(
RuntimeError: Stage 2 is required for maximum quality. Install kaolin: pip install kaolin or use api_server_complete.py
